sui : [note] Dependencies on Bridge, MoveStdlib, Sui, and SuiSystem are automatically added, but this feature is disabled for your package because you have 
explicitly included dependencies on Sui. Consider removing these dependencies from Move.toml.
At line:1 char:44
+ ... ic\minime"; sui move test --skip-fetch-latest-git-deps 2>&1 > test_ou ...
+                 ~~~~~~~~~~~~~~~~~~~~~~~~~~~~~~~~~~~~~~~~~~~~~~~~~~~~~~~~~
    + CategoryInfo          : NotSpecified: ([note] Dependen...from Move.toml.:String) [], RemoteException
    + FullyQualifiedErrorId : NativeCommandError
 
INCLUDING DEPENDENCY Sui
INCLUDING DEPENDENCY MoveStdlib
BUILDING minime
[0m[1m[38;5;11mwarning[W02021][0m[1m: duplicate alias[0m
  [0m[36mΓöîΓöÇ[0m .\sources\automation.move:2:23
  [0m[36mΓöé[0m
[0m[36m2[0m [0m[36mΓöé[0m     use sui::object::{[0m[33mSelf[0m, UID, ID};
  [0m[36mΓöé[0m                       [0m[33m^^^^[0m [0m[33mUnnecessary alias 'object' for module 'sui::object'. This alias is provided by 
default[0m
  [0m[36mΓöé[0m
  [0m[36m=[0m This warning can be suppressed with '#[allow(duplicate_alias)]' applied to the 'module' or module member ('const', 'fun', or 'struct')

[0m[1m[38;5;11mwarning[W02021][0m[1m: duplicate alias[0m
  [0m[36mΓöîΓöÇ[0m .\sources\automation.move:2:29
  [0m[36mΓöé[0m
[0m[36m2[0m [0m[36mΓöé[0m     use sui::object::{Self, [0m[33mUID[0m, ID};
  [0m[36mΓöé[0m                             [0m[33m^^^[0m [0m[33mUnnecessary alias 'UID' for module member 'sui::object::UID'. This alias is 
provided by default[0m
  [0m[36mΓöé[0m
  [0m[36m=[0m This warning can be suppressed with '#[allow(duplicate_alias)]' applied to the 'module' or module member ('const', 'fun', or 'struct')

[0m[1m[38;5;11mwarning[W02021][0m[1m: duplicate alias[0m
  [0m[36mΓöîΓöÇ[0m .\sources\automation.move:2:34
  [0m[36mΓöé[0m
[0m[36m2[0m [0m[36mΓöé[0m     use sui::object::{Self, UID, [0m[33mID[0m};
  [0m[36mΓöé[0m                                  [0m[33m^^[0m [0m[33mUnnecessary alias 'ID' for module member 'sui::object::ID'. This alias is 
provided by default[0m
  [0m[36mΓöé[0m
  [0m[36m=[0m This warning can be suppressed with '#[allow(duplicate_alias)]' applied to the 'module' or module member ('const', 'fun', or 'struct')

[0m[1m[38;5;11mwarning[W02021][0m[1m: duplicate alias[0m
  [0m[36mΓöîΓöÇ[0m .\sources\automation.move:3:27
  [0m[36mΓöé[0m
[0m[36m3[0m [0m[36mΓöé[0m     use sui::tx_context::{[0m[33mSelf[0m, TxContext};
  [0m[36mΓöé[0m                           [0m[33m^^^^[0m [0m[33mUnnecessary alias 'tx_context' for module 'sui::tx_context'. This alias is provided 
by default[0m
  [0m[36mΓöé[0m
  [0m[36m=[0m This warning can be suppressed with '#[allow(duplicate_alias)]' applied to the 'module' or module member ('const', 'fun', or 'struct')

[0m[1m[38;5;11mwarning[W02021][0m[1m: duplicate alias[0m
  [0m[36mΓöîΓöÇ[0m .\sources\automation.move:3:33
  [0m[36mΓöé[0m
[0m[36m3[0m [0m[36mΓöé[0m     use sui::tx_context::{Self, [0m[33mTxContext[0m};
  [0m[36mΓöé[0m                                 [0m[33m^^^^^^^^^[0m [0m[33mUnnecessary alias 'TxContext' for module member 
'sui::tx_context::TxContext'. This alias is provided by default[0m
  [0m[36mΓöé[0m
  [0m[36m=[0m This warning can be suppressed with '#[allow(duplicate_alias)]' applied to the 'module' or module member ('const', 'fun', or 'struct')

[0m[1m[38;5;11mwarning[W02021][0m[1m: duplicate alias[0m
  [0m[36mΓöîΓöÇ[0m .\sources\automation.move:6:23
  [0m[36mΓöé[0m
[0m[36m6[0m [0m[36mΓöé[0m     use std::option::{[0m[33mSelf[0m, Option};
  [0m[36mΓöé[0m                       [0m[33m^^^^[0m [0m[33mUnnecessary alias 'option' for module 'std::option'. This alias is provided by 
default[0m
  [0m[36mΓöé[0m
  [0m[36m=[0m This warning can be suppressed with '#[allow(duplicate_alias)]' applied to the 'module' or module member ('const', 'fun', or 'struct')

[0m[1m[38;5;11mwarning[W02021][0m[1m: duplicate alias[0m
  [0m[36mΓöîΓöÇ[0m .\sources\automation.move:6:29
  [0m[36mΓöé[0m
[0m[36m6[0m [0m[36mΓöé[0m     use std::option::{Self, [0m[33mOption[0m};
  [0m[36mΓöé[0m                             [0m[33m^^^^^^[0m [0m[33mUnnecessary alias 'Option' for module member 'std::option::Option'. This alias 
is provided by default[0m
  [0m[36mΓöé[0m
  [0m[36m=[0m This warning can be suppressed with '#[allow(duplicate_alias)]' applied to the 'module' or module member ('const', 'fun', or 'struct')

[0m[1m[38;5;11mwarning[W09011][0m[1m: unused constant[0m
  [0m[36mΓöîΓöÇ[0m .\sources\automation.move:8:11
  [0m[36mΓöé[0m
[0m[36m8[0m [0m[36mΓöé[0m     const [0m[33mTYPE_REMINDER[0m: u8 = 1;
  [0m[36mΓöé[0m           [0m[33m^^^^^^^^^^^^^[0m [0m[33mThe constant 'TYPE_REMINDER' is never used. Consider removing it.[0m
  [0m[36mΓöé[0m
  [0m[36m=[0m This warning can be suppressed with '#[allow(unused_const)]' applied to the 'module' or module member ('const', 'fun', or 'struct')

[0m[1m[38;5;11mwarning[W09011][0m[1m: unused constant[0m
  [0m[36mΓöîΓöÇ[0m .\sources\automation.move:9:11
  [0m[36mΓöé[0m
[0m[36m9[0m [0m[36mΓöé[0m     const [0m[33mTYPE_SCHEDULED_TASK[0m: u8 = 2;
  [0m[36mΓöé[0m           [0m[33m^^^^^^^^^^^^^^^^^^^[0m [0m[33mThe constant 'TYPE_SCHEDULED_TASK' is never used. Consider removing it.[0m
  [0m[36mΓöé[0m
  [0m[36m=[0m This warning can be suppressed with '#[allow(unused_const)]' applied to the 'module' or module member ('const', 'fun', or 'struct')

[0m[1m[38;5;11mwarning[W09011][0m[1m: unused constant[0m
   [0m[36mΓöîΓöÇ[0m .\sources\automation.move:10:11
   [0m[36mΓöé[0m
[0m[36m10[0m [0m[36mΓöé[0m     const [0m[33mTYPE_RECURRING_TASK[0m: u8 = 3;
   [0m[36mΓöé[0m           [0m[33m^^^^^^^^^^^^^^^^^^^[0m [0m[33mThe constant 'TYPE_RECURRING_TASK' is never used. Consider removing it.[0m
   [0m[36mΓöé[0m
   [0m[36m=[0m This warning can be suppressed with '#[allow(unused_const)]' applied to the 'module' or module member ('const', 'fun', or 'struct')

[0m[1m[38;5;11mwarning[W09011][0m[1m: unused constant[0m
   [0m[36mΓöîΓöÇ[0m .\sources\automation.move:17:11
   [0m[36mΓöé[0m
[0m[36m17[0m [0m[36mΓöé[0m     const [0m[33mPATTERN_DAILY[0m: u8 = 1;
   [0m[36mΓöé[0m           [0m[33m^^^^^^^^^^^^^[0m [0m[33mThe constant 'PATTERN_DAILY' is never used. Consider removing it.[0m
   [0m[36mΓöé[0m
   [0m[36m=[0m This warning can be suppressed with '#[allow(unused_const)]' applied to the 'module' or module member ('const', 'fun', or 'struct')

[0m[1m[38;5;11mwarning[W09011][0m[1m: unused constant[0m
   [0m[36mΓöîΓöÇ[0m .\sources\automation.move:18:11
   [0m[36mΓöé[0m
[0m[36m18[0m [0m[36mΓöé[0m     const [0m[33mPATTERN_WEEKLY[0m: u8 = 2;
   [0m[36mΓöé[0m           [0m[33m^^^^^^^^^^^^^^[0m [0m[33mThe constant 'PATTERN_WEEKLY' is never used. Consider removing it.[0m
   [0m[36mΓöé[0m
   [0m[36m=[0m This warning can be suppressed with '#[allow(unused_const)]' applied to the 'module' or module member ('const', 'fun', or 'struct')

[0m[1m[38;5;11mwarning[W09011][0m[1m: unused constant[0m
   [0m[36mΓöîΓöÇ[0m .\sources\automation.move:19:11
   [0m[36mΓöé[0m
[0m[36m19[0m [0m[36mΓöé[0m     const [0m[33mPATTERN_MONTHLY[0m: u8 = 3;
   [0m[36mΓöé[0m           [0m[33m^^^^^^^^^^^^^^^[0m [0m[33mThe constant 'PATTERN_MONTHLY' is never used. Consider removing it.[0m
   [0m[36mΓöé[0m
   [0m[36m=[0m This warning can be suppressed with '#[allow(unused_const)]' applied to the 'module' or module member ('const', 'fun', or 'struct')

[0m[1m[38;5;11mwarning[W02021][0m[1m: duplicate alias[0m
  [0m[36mΓöîΓöÇ[0m .\sources\minime.move:2:23
  [0m[36mΓöé[0m
[0m[36m2[0m [0m[36mΓöé[0m     use sui::object::{[0m[33mSelf[0m, ID};
  [0m[36mΓöé[0m                       [0m[33m^^^^[0m [0m[33mUnnecessary alias 'object' for module 'sui::object'. This alias is provided by 
default[0m
  [0m[36mΓöé[0m
  [0m[36m=[0m This warning can be suppressed with '#[allow(duplicate_alias)]' applied to the 'module' or module member ('const', 'fun', or 'struct')

[0m[1m[38;5;11mwarning[W02021][0m[1m: duplicate alias[0m
  [0m[36mΓöîΓöÇ[0m .\sources\minime.move:2:29
  [0m[36mΓöé[0m
[0m[36m2[0m [0m[36mΓöé[0m     use sui::object::{Self, [0m[33mID[0m};
  [0m[36mΓöé[0m                             [0m[33m^^[0m [0m[33mUnnecessary alias 'ID' for module member 'sui::object::ID'. This alias is provided 
by default[0m
  [0m[36mΓöé[0m
  [0m[36m=[0m This warning can be suppressed with '#[allow(duplicate_alias)]' applied to the 'module' or module member ('const', 'fun', or 'struct')

[0m[1m[38;5;11mwarning[W02021][0m[1m: duplicate alias[0m
  [0m[36mΓöîΓöÇ[0m .\sources\minime.move:3:26
  [0m[36mΓöé[0m
[0m[36m3[0m [0m[36mΓöé[0m     use sui::tx_context::[0m[33mTxContext[0m;
  [0m[36mΓöé[0m                          [0m[33m^^^^^^^^^[0m [0m[33mUnnecessary alias 'TxContext' for module member 'sui::tx_context::TxContext'. 
This alias is provided by default[0m
  [0m[36mΓöé[0m
  [0m[36m=[0m This warning can be suppressed with '#[allow(duplicate_alias)]' applied to the 'module' or module member ('const', 'fun', or 'struct')

[0m[1m[38;5;11mwarning[W02021][0m[1m: duplicate alias[0m
  [0m[36mΓöîΓöÇ[0m .\sources\minime.move:5:23
  [0m[36mΓöé[0m
[0m[36m5[0m [0m[36mΓöé[0m     use std::option::{[0m[33mSelf[0m, Option};
  [0m[36mΓöé[0m                       [0m[33m^^^^[0m [0m[33mUnnecessary alias 'option' for module 'std::option'. This alias is provided by 
default[0m
  [0m[36mΓöé[0m
  [0m[36m=[0m This warning can be suppressed with '#[allow(duplicate_alias)]' applied to the 'module' or module member ('const', 'fun', or 'struct')

[0m[1m[38;5;11mwarning[W02021][0m[1m: duplicate alias[0m
  [0m[36mΓöîΓöÇ[0m .\sources\minime.move:5:29
  [0m[36mΓöé[0m
[0m[36m5[0m [0m[36mΓöé[0m     use std::option::{Self, [0m[33mOption[0m};
  [0m[36mΓöé[0m                             [0m[33m^^^^^^[0m [0m[33mUnnecessary alias 'Option' for module member 'std::option::Option'. This alias 
is provided by default[0m
  [0m[36mΓöé[0m
  [0m[36m=[0m This warning can be suppressed with '#[allow(duplicate_alias)]' applied to the 'module' or module member ('const', 'fun', or 'struct')

[0m[1m[38;5;9merror[E04001][0m[1m: restricted visibility[0m
   [0m[36mΓöîΓöÇ[0m .\sources\minime.move:29:49
   [0m[36mΓöé[0m
[0m[36m29[0m [0m[36mΓöé[0m         let identity_id = object::uid_to_inner(&[0m[31midentity.id[0m);
   [0m[36mΓöé[0m                                                 [0m[31m^^^^^^^^^^^[0m [0m[31mInvalid access of field 'id' on the struct 
'minime::identity::IdentityObject'. The field 'id' can only be accessed within the module 'minime::identity' since it defines 'IdentityObject'[0m

[0m[1m[38;5;9merror[E03003][0m[1m: unbound module member[0m
   [0m[36mΓöîΓöÇ[0m .\sources\minime.move:45:27
   [0m[36mΓöé[0m
[0m[36m45[0m [0m[36mΓöé[0m         let identity_id = [0m[31moption::unwrap[0m(portfolio::identity_id(portfolio));
   [0m[36mΓöé[0m                           [0m[31m^^^^^^^^^^^^^^[0m [0m[31mInvalid module access. Unbound function 'unwrap' in module 
'std::option'[0m

[0m[1m[38;5;9merror[E04001][0m[1m: restricted visibility[0m
   [0m[36mΓöîΓöÇ[0m .\sources\minime.move:58:51
   [0m[36mΓöé[0m
[0m[36m58[0m [0m[36mΓöé[0m         let permission_id = object::uid_to_inner(&[0m[31mpermission.id[0m);
   [0m[36mΓöé[0m                                                   [0m[31m^^^^^^^^^^^^^[0m [0m[31mInvalid access of field 'id' on the struct 
'minime::permission::PermissionObject'. The field 'id' can only be accessed within the module 'minime::permission' since it defines 'PermissionObject'[0m

[0m[1m[38;5;9merror[E04001][0m[1m: restricted visibility[0m
   [0m[36mΓöîΓöÇ[0m .\sources\minime.move:71:51
   [0m[36mΓöé[0m
[0m[36m71[0m [0m[36mΓöé[0m         let permission_id = object::uid_to_inner(&[0m[31mpermission.id[0m);
   [0m[36mΓöé[0m                                                   [0m[31m^^^^^^^^^^^^^[0m [0m[31mInvalid access of field 'id' on the struct 
'minime::permission::PermissionObject'. The field 'id' can only be accessed within the module 'minime::permission' since it defines 'PermissionObject'[0m

[0m[1m[38;5;9merror[E03003][0m[1m: unbound module member[0m
   [0m[36mΓöîΓöÇ[0m .\sources\minime.move:86:27
   [0m[36mΓöé[0m
[0m[36m86[0m [0m[36mΓöé[0m         let identity_id = [0m[31moption::unwrap[0m(portfolio::identity_id(portfolio));
   [0m[36mΓöé[0m                           [0m[31m^^^^^^^^^^^^^^[0m [0m[31mInvalid module access. Unbound function 'unwrap' in module 
'std::option'[0m

[0m[1m[38;5;9merror[E04001][0m[1m: restricted visibility[0m
    [0m[36mΓöîΓöÇ[0m .\sources\minime.move:101:47
    [0m[36mΓöé[0m
[0m[36m101[0m [0m[36mΓöé[0m         let memory_id = object::uid_to_inner(&[0m[31mmemory.id[0m);
    [0m[36mΓöé[0m                                               [0m[31m^^^^^^^^^[0m [0m[31mInvalid access of field 'id' on the struct 
'minime::memory::MemoryObject'. The field 'id' can only be accessed within the module 'minime::memory' since it defines 'MemoryObject'[0m

[0m[1m[38;5;9merror[E03003][0m[1m: unbound module member[0m
    [0m[36mΓöîΓöÇ[0m .\sources\minime.move:118:27
    [0m[36mΓöé[0m
[0m[36m118[0m [0m[36mΓöé[0m         let identity_id = [0m[31moption::unwrap[0m(portfolio::identity_id(portfolio));
    [0m[36mΓöé[0m                           [0m[31m^^^^^^^^^^^^^^[0m [0m[31mInvalid module access. Unbound function 'unwrap' in module 
'std::option'[0m

[0m[1m[38;5;9merror[E04001][0m[1m: restricted visibility[0m
    [0m[36mΓöîΓöÇ[0m .\sources\minime.move:133:47
    [0m[36mΓöé[0m
[0m[36m133[0m [0m[36mΓöé[0m         let memory_id = object::uid_to_inner(&[0m[31mmemory.id[0m);
    [0m[36mΓöé[0m                                               [0m[31m^^^^^^^^^[0m [0m[31mInvalid access of field 'id' on the struct 
'minime::memory::MemoryObject'. The field 'id' can only be accessed within the module 'minime::memory' since it defines 'MemoryObject'[0m

[0m[1m[38;5;9merror[E03003][0m[1m: unbound module member[0m
    [0m[36mΓöîΓöÇ[0m .\sources\minime.move:150:27
    [0m[36mΓöé[0m
[0m[36m150[0m [0m[36mΓöé[0m         let identity_id = [0m[31moption::unwrap[0m(portfolio::identity_id(portfolio));
    [0m[36mΓöé[0m                           [0m[31m^^^^^^^^^^^^^^[0m [0m[31mInvalid module access. Unbound function 'unwrap' in module 
'std::option'[0m

[0m[1m[38;5;9merror[E04001][0m[1m: restricted visibility[0m
    [0m[36mΓöîΓöÇ[0m .\sources\minime.move:165:47
    [0m[36mΓöé[0m
[0m[36m165[0m [0m[36mΓöé[0m         let memory_id = object::uid_to_inner(&[0m[31mmemory.id[0m);
    [0m[36mΓöé[0m                                               [0m[31m^^^^^^^^^[0m [0m[31mInvalid access of field 'id' on the struct 
'minime::memory::MemoryObject'. The field 'id' can only be accessed within the module 'minime::memory' since it defines 'MemoryObject'[0m

[0m[1m[38;5;9merror[E03003][0m[1m: unbound module member[0m
    [0m[36mΓöîΓöÇ[0m .\sources\minime.move:190:27
    [0m[36mΓöé[0m
[0m[36m190[0m [0m[36mΓöé[0m         let identity_id = [0m[31moption::unwrap[0m(portfolio::identity_id(portfolio));
    [0m[36mΓöé[0m                           [0m[31m^^^^^^^^^^^^^^[0m [0m[31mInvalid module access. Unbound function 'unwrap' in module 
'std::option'[0m

[0m[1m[38;5;9merror[E04001][0m[1m: restricted visibility[0m
    [0m[36mΓöîΓöÇ[0m .\sources\minime.move:204:51
    [0m[36mΓöé[0m
[0m[36m204[0m [0m[36mΓöé[0m         let automation_id = object::uid_to_inner(&[0m[31mautomation.id[0m);
    [0m[36mΓöé[0m                                                   [0m[31m^^^^^^^^^^^^^[0m [0m[31mInvalid access of field 'id' on the struct 
'minime::automation::AutomationObject'. The field 'id' can only be accessed within the module 'minime::automation' since it defines 'AutomationObject'[0m

[0m[1m[38;5;9merror[E03003][0m[1m: unbound module member[0m
    [0m[36mΓöîΓöÇ[0m .\sources\minime.move:220:27
    [0m[36mΓöé[0m
[0m[36m220[0m [0m[36mΓöé[0m         let identity_id = [0m[31moption::unwrap[0m(portfolio::identity_id(portfolio));
    [0m[36mΓöé[0m                           [0m[31m^^^^^^^^^^^^^^[0m [0m[31mInvalid module access. Unbound function 'unwrap' in module 
'std::option'[0m

[0m[1m[38;5;9merror[E04001][0m[1m: restricted visibility[0m
    [0m[36mΓöîΓöÇ[0m .\sources\minime.move:234:51
    [0m[36mΓöé[0m
[0m[36m234[0m [0m[36mΓöé[0m         let automation_id = object::uid_to_inner(&[0m[31mautomation.id[0m);
    [0m[36mΓöé[0m                                                   [0m[31m^^^^^^^^^^^^^[0m [0m[31mInvalid access of field 'id' on the struct 
'minime::automation::AutomationObject'. The field 'id' can only be accessed within the module 'minime::automation' since it defines 'AutomationObject'[0m

[0m[1m[38;5;9merror[E03003][0m[1m: unbound module member[0m
    [0m[36mΓöîΓöÇ[0m .\sources\minime.move:252:27
    [0m[36mΓöé[0m
[0m[36m252[0m [0m[36mΓöé[0m         let identity_id = [0m[31moption::unwrap[0m(portfolio::identity_id(portfolio));
    [0m[36mΓöé[0m                           [0m[31m^^^^^^^^^^^^^^[0m [0m[31mInvalid module access. Unbound function 'unwrap' in module 
'std::option'[0m

[0m[1m[38;5;9merror[E04001][0m[1m: restricted visibility[0m
    [0m[36mΓöîΓöÇ[0m .\sources\minime.move:268:51
    [0m[36mΓöé[0m
[0m[36m268[0m [0m[36mΓöé[0m         let automation_id = object::uid_to_inner(&[0m[31mautomation.id[0m);
    [0m[36mΓöé[0m                                                   [0m[31m^^^^^^^^^^^^^[0m [0m[31mInvalid access of field 'id' on the struct 
'minime::automation::AutomationObject'. The field 'id' can only be accessed within the module 'minime::automation' since it defines 'AutomationObject'[0m

[0m[1m[38;5;9merror[E04001][0m[1m: restricted visibility[0m
    [0m[36mΓöîΓöÇ[0m .\sources\minime.move:297:51
    [0m[36mΓöé[0m
[0m[36m297[0m [0m[36mΓöé[0m         let automation_id = object::uid_to_inner(&[0m[31mautomation.id[0m);
    [0m[36mΓöé[0m                                                   [0m[31m^^^^^^^^^^^^^[0m [0m[31mInvalid access of field 'id' on the struct 
'minime::automation::AutomationObject'. The field 'id' can only be accessed within the module 'minime::automation' since it defines 'AutomationObject'[0m

[0m[1m[38;5;9merror[E04001][0m[1m: restricted visibility[0m
    [0m[36mΓöîΓöÇ[0m .\sources\minime.move:308:47
    [0m[36mΓöé[0m
[0m[36m308[0m [0m[36mΓöé[0m         let memory_id = object::uid_to_inner(&[0m[31mmemory.id[0m);
    [0m[36mΓöé[0m                                               [0m[31m^^^^^^^^^[0m [0m[31mInvalid access of field 'id' on the struct 
'minime::memory::MemoryObject'. The field 'id' can only be accessed within the module 'minime::memory' since it defines 'MemoryObject'[0m

[0m[1m[38;5;11mwarning[W02021][0m[1m: duplicate alias[0m
  [0m[36mΓöîΓöÇ[0m .\sources\portfolio.move:2:23
  [0m[36mΓöé[0m
[0m[36m2[0m [0m[36mΓöé[0m     use sui::object::{[0m[33mSelf[0m, UID, ID};
  [0m[36mΓöé[0m                       [0m[33m^^^^[0m [0m[33mUnnecessary alias 'object' for module 'sui::object'. This alias is provided by 
default[0m
  [0m[36mΓöé[0m
  [0m[36m=[0m This warning can be suppressed with '#[allow(duplicate_alias)]' applied to the 'module' or module member ('const', 'fun', or 'struct')

[0m[1m[38;5;11mwarning[W02021][0m[1m: duplicate alias[0m
  [0m[36mΓöîΓöÇ[0m .\sources\portfolio.move:2:29
  [0m[36mΓöé[0m
[0m[36m2[0m [0m[36mΓöé[0m     use sui::object::{Self, [0m[33mUID[0m, ID};
  [0m[36mΓöé[0m                             [0m[33m^^^[0m [0m[33mUnnecessary alias 'UID' for module member 'sui::object::UID'. This alias is 
provided by default[0m
  [0m[36mΓöé[0m
  [0m[36m=[0m This warning can be suppressed with '#[allow(duplicate_alias)]' applied to the 'module' or module member ('const', 'fun', or 'struct')

[0m[1m[38;5;11mwarning[W02021][0m[1m: duplicate alias[0m
  [0m[36mΓöîΓöÇ[0m .\sources\portfolio.move:2:34
  [0m[36mΓöé[0m
[0m[36m2[0m [0m[36mΓöé[0m     use sui::object::{Self, UID, [0m[33mID[0m};
  [0m[36mΓöé[0m                                  [0m[33m^^[0m [0m[33mUnnecessary alias 'ID' for module member 'sui::object::ID'. This alias is 
provided by default[0m
  [0m[36mΓöé[0m
  [0m[36m=[0m This warning can be suppressed with '#[allow(duplicate_alias)]' applied to the 'module' or module member ('const', 'fun', or 'struct')

[0m[1m[38;5;11mwarning[W02021][0m[1m: duplicate alias[0m
  [0m[36mΓöîΓöÇ[0m .\sources\portfolio.move:3:27
  [0m[36mΓöé[0m
[0m[36m3[0m [0m[36mΓöé[0m     use sui::tx_context::{[0m[33mSelf[0m, TxContext};
  [0m[36mΓöé[0m                           [0m[33m^^^^[0m [0m[33mUnnecessary alias 'tx_context' for module 'sui::tx_context'. This alias is provided 
by default[0m
  [0m[36mΓöé[0m
  [0m[36m=[0m This warning can be suppressed with '#[allow(duplicate_alias)]' applied to the 'module' or module member ('const', 'fun', or 'struct')

[0m[1m[38;5;11mwarning[W02021][0m[1m: duplicate alias[0m
  [0m[36mΓöîΓöÇ[0m .\sources\portfolio.move:3:33
  [0m[36mΓöé[0m
[0m[36m3[0m [0m[36mΓöé[0m     use sui::tx_context::{Self, [0m[33mTxContext[0m};
  [0m[36mΓöé[0m                                 [0m[33m^^^^^^^^^[0m [0m[33mUnnecessary alias 'TxContext' for module member 
'sui::tx_context::TxContext'. This alias is provided by default[0m
  [0m[36mΓöé[0m
  [0m[36m=[0m This warning can be suppressed with '#[allow(duplicate_alias)]' applied to the 'module' or module member ('const', 'fun', or 'struct')

[0m[1m[38;5;11mwarning[W02021][0m[1m: duplicate alias[0m
  [0m[36mΓöîΓöÇ[0m .\sources\portfolio.move:7:23
  [0m[36mΓöé[0m
[0m[36m7[0m [0m[36mΓöé[0m     use std::option::{[0m[33mSelf[0m, Option};
  [0m[36mΓöé[0m                       [0m[33m^^^^[0m [0m[33mUnnecessary alias 'option' for module 'std::option'. This alias is provided by 
default[0m
  [0m[36mΓöé[0m
  [0m[36m=[0m This warning can be suppressed with '#[allow(duplicate_alias)]' applied to the 'module' or module member ('const', 'fun', or 'struct')

[0m[1m[38;5;11mwarning[W02021][0m[1m: duplicate alias[0m
  [0m[36mΓöîΓöÇ[0m .\sources\portfolio.move:7:29
  [0m[36mΓöé[0m
[0m[36m7[0m [0m[36mΓöé[0m     use std::option::{Self, [0m[33mOption[0m};
  [0m[36mΓöé[0m                             [0m[33m^^^^^^[0m [0m[33mUnnecessary alias 'Option' for module member 'std::option::Option'. This alias 
is provided by default[0m
  [0m[36mΓöé[0m
  [0m[36m=[0m This warning can be suppressed with '#[allow(duplicate_alias)]' applied to the 'module' or module member ('const', 'fun', or 'struct')

[0m[1m[38;5;11mwarning[W02021][0m[1m: duplicate alias[0m
  [0m[36mΓöîΓöÇ[0m .\sources\advanced.move:2:23
  [0m[36mΓöé[0m
[0m[36m2[0m [0m[36mΓöé[0m     use sui::object::{[0m[33mSelf[0m, UID, ID};
  [0m[36mΓöé[0m                       [0m[33m^^^^[0m [0m[33mUnnecessary alias 'object' for module 'sui::object'. This alias is provided by 
default[0m
  [0m[36mΓöé[0m
  [0m[36m=[0m This warning can be suppressed with '#[allow(duplicate_alias)]' applied to the 'module' or module member ('const', 'fun', or 'struct')

[0m[1m[38;5;11mwarning[W02021][0m[1m: duplicate alias[0m
  [0m[36mΓöîΓöÇ[0m .\sources\advanced.move:2:29
  [0m[36mΓöé[0m
[0m[36m2[0m [0m[36mΓöé[0m     use sui::object::{Self, [0m[33mUID[0m, ID};
  [0m[36mΓöé[0m                             [0m[33m^^^[0m [0m[33mUnnecessary alias 'UID' for module member 'sui::object::UID'. This alias is 
provided by default[0m
  [0m[36mΓöé[0m
  [0m[36m=[0m This warning can be suppressed with '#[allow(duplicate_alias)]' applied to the 'module' or module member ('const', 'fun', or 'struct')

[0m[1m[38;5;11mwarning[W02021][0m[1m: duplicate alias[0m
  [0m[36mΓöîΓöÇ[0m .\sources\advanced.move:2:34
  [0m[36mΓöé[0m
[0m[36m2[0m [0m[36mΓöé[0m     use sui::object::{Self, UID, [0m[33mID[0m};
  [0m[36mΓöé[0m                                  [0m[33m^^[0m [0m[33mUnnecessary alias 'ID' for module member 'sui::object::ID'. This alias is 
provided by default[0m
  [0m[36mΓöé[0m
  [0m[36m=[0m This warning can be suppressed with '#[allow(duplicate_alias)]' applied to the 'module' or module member ('const', 'fun', or 'struct')

[0m[1m[38;5;11mwarning[W02021][0m[1m: duplicate alias[0m
  [0m[36mΓöîΓöÇ[0m .\sources\advanced.move:3:27
  [0m[36mΓöé[0m
[0m[36m3[0m [0m[36mΓöé[0m     use sui::tx_context::{[0m[33mSelf[0m, TxContext};
  [0m[36mΓöé[0m                           [0m[33m^^^^[0m [0m[33mUnnecessary alias 'tx_context' for module 'sui::tx_context'. This alias is provided 
by default[0m
  [0m[36mΓöé[0m
  [0m[36m=[0m This warning can be suppressed with '#[allow(duplicate_alias)]' applied to the 'module' or module member ('const', 'fun', or 'struct')

[0m[1m[38;5;11mwarning[W02021][0m[1m: duplicate alias[0m
  [0m[36mΓöîΓöÇ[0m .\sources\advanced.move:3:33
  [0m[36mΓöé[0m
[0m[36m3[0m [0m[36mΓöé[0m     use sui::tx_context::{Self, [0m[33mTxContext[0m};
  [0m[36mΓöé[0m                                 [0m[33m^^^^^^^^^[0m [0m[33mUnnecessary alias 'TxContext' for module member 
'sui::tx_context::TxContext'. This alias is provided by default[0m
  [0m[36mΓöé[0m
  [0m[36m=[0m This warning can be suppressed with '#[allow(duplicate_alias)]' applied to the 'module' or module member ('const', 'fun', or 'struct')

[0m[1m[38;5;11mwarning[W02021][0m[1m: duplicate alias[0m
  [0m[36mΓöîΓöÇ[0m .\sources\identity.move:2:23
  [0m[36mΓöé[0m
[0m[36m2[0m [0m[36mΓöé[0m     use sui::object::{[0m[33mSelf[0m, UID};
  [0m[36mΓöé[0m                       [0m[33m^^^^[0m [0m[33mUnnecessary alias 'object' for module 'sui::object'. This alias is provided by 
default[0m
  [0m[36mΓöé[0m
  [0m[36m=[0m This warning can be suppressed with '#[allow(duplicate_alias)]' applied to the 'module' or module member ('const', 'fun', or 'struct')

[0m[1m[38;5;11mwarning[W02021][0m[1m: duplicate alias[0m
  [0m[36mΓöîΓöÇ[0m .\sources\identity.move:2:29
  [0m[36mΓöé[0m
[0m[36m2[0m [0m[36mΓöé[0m     use sui::object::{Self, [0m[33mUID[0m};
  [0m[36mΓöé[0m                             [0m[33m^^^[0m [0m[33mUnnecessary alias 'UID' for module member 'sui::object::UID'. This alias is 
provided by default[0m
  [0m[36mΓöé[0m
  [0m[36m=[0m This warning can be suppressed with '#[allow(duplicate_alias)]' applied to the 'module' or module member ('const', 'fun', or 'struct')

[0m[1m[38;5;11mwarning[W02021][0m[1m: duplicate alias[0m
  [0m[36mΓöîΓöÇ[0m .\sources\identity.move:3:27
  [0m[36mΓöé[0m
[0m[36m3[0m [0m[36mΓöé[0m     use sui::tx_context::{[0m[33mSelf[0m, TxContext};
  [0m[36mΓöé[0m                           [0m[33m^^^^[0m [0m[33mUnnecessary alias 'tx_context' for module 'sui::tx_context'. This alias is provided 
by default[0m
  [0m[36mΓöé[0m
  [0m[36m=[0m This warning can be suppressed with '#[allow(duplicate_alias)]' applied to the 'module' or module member ('const', 'fun', or 'struct')

[0m[1m[38;5;11mwarning[W02021][0m[1m: duplicate alias[0m
  [0m[36mΓöîΓöÇ[0m .\sources\identity.move:3:33
  [0m[36mΓöé[0m
[0m[36m3[0m [0m[36mΓöé[0m     use sui::tx_context::{Self, [0m[33mTxContext[0m};
  [0m[36mΓöé[0m                                 [0m[33m^^^^^^^^^[0m [0m[33mUnnecessary alias 'TxContext' for module member 
'sui::tx_context::TxContext'. This alias is provided by default[0m
  [0m[36mΓöé[0m
  [0m[36m=[0m This warning can be suppressed with '#[allow(duplicate_alias)]' applied to the 'module' or module member ('const', 'fun', or 'struct')

[0m[1m[38;5;11mwarning[W02021][0m[1m: duplicate alias[0m
  [0m[36mΓöîΓöÇ[0m .\sources\identity.move:6:22
  [0m[36mΓöé[0m
[0m[36m6[0m [0m[36mΓöé[0m     use std::option::[0m[33mOption[0m;
  [0m[36mΓöé[0m                      [0m[33m^^^^^^[0m [0m[33mUnnecessary alias 'Option' for module member 'std::option::Option'. This alias is 
provided by default[0m
  [0m[36mΓöé[0m
  [0m[36m=[0m This warning can be suppressed with '#[allow(duplicate_alias)]' applied to the 'module' or module member ('const', 'fun', or 'struct')

[0m[1m[38;5;11mwarning[W09011][0m[1m: unused constant[0m
  [0m[36mΓöîΓöÇ[0m .\sources\identity.move:8:11
  [0m[36mΓöé[0m
[0m[36m8[0m [0m[36mΓöé[0m     const [0m[33mMAX_NAME_LEN[0m: u64 = 256;
  [0m[36mΓöé[0m           [0m[33m^^^^^^^^^^^^[0m [0m[33mThe constant 'MAX_NAME_LEN' is never used. Consider removing it.[0m
  [0m[36mΓöé[0m
  [0m[36m=[0m This warning can be suppressed with '#[allow(unused_const)]' applied to the 'module' or module member ('const', 'fun', or 'struct')

[0m[1m[38;5;9merror[E02001][0m[1m: duplicate declaration, item, or annotation[0m
   [0m[36mΓöîΓöÇ[0m .\sources\identity.move:36:21
   [0m[36mΓöé[0m
[0m[36m 5[0m [0m[36mΓöé[0m     use sui::clock::Clock;
   [0m[36mΓöé[0m                     [0m[36m-----[0m [0m[36mModule member or alias previously defined here[0m
   [0m[36m┬╖[0m
[0m[36m36[0m [0m[36mΓöé[0m     use sui::clock::[0m[31mClock[0m;
   [0m[36mΓöé[0m                     [0m[31m^^^^^[0m [0m[31mDuplicate module member 'Clock'. Top level names in a namespace must be unique[0m

[0m[1m[38;5;11mwarning[W02018][0m[1m: unknown attribute[0m
  [0m[36mΓöîΓöÇ[0m .\sources\tests.move:1:3
  [0m[36mΓöé[0m
[0m[36m1[0m [0m[36mΓöé[0m #[[0m[33mcfg[0m(test)]
  [0m[36mΓöé[0m   [0m[33m^^^[0m [0m[33mUnknown attribute 'cfg'. Custom attributes must be wrapped in 'ext', e.g. '#[ext(cfg)]'[0m

[0m[1m[38;5;11mwarning[W09001][0m[1m: unused alias[0m
  [0m[36mΓöîΓöÇ[0m .\sources\tests.move:3:28
  [0m[36mΓöé[0m
[0m[36m3[0m [0m[36mΓöé[0m     use sui::clock::{Self, [0m[33mClock[0m};
  [0m[36mΓöé[0m                            [0m[33m^^^^^[0m [0m[33mUnused 'use' of alias 'Clock'. Consider removing it[0m
  [0m[36mΓöé[0m
  [0m[36m=[0m This warning can be suppressed with '#[allow(unused_use)]' applied to the 'module' or module member ('const', 'fun', or 'struct')

[0m[1m[38;5;11mwarning[W09001][0m[1m: unused alias[0m
  [0m[36mΓöîΓöÇ[0m .\sources\tests.move:4:36
  [0m[36mΓöé[0m
[0m[36m4[0m [0m[36mΓöé[0m     use sui::test_scenario::{Self, [0m[33mScenario[0m};
  [0m[36mΓöé[0m                                    [0m[33m^^^^^^^^[0m [0m[33mUnused 'use' of alias 'Scenario'. Consider removing it[0m
  [0m[36mΓöé[0m
  [0m[36m=[0m This warning can be suppressed with '#[allow(unused_use)]' applied to the 'module' or module member ('const', 'fun', or 'struct')

[0m[1m[38;5;11mwarning[W02021][0m[1m: duplicate alias[0m
  [0m[36mΓöîΓöÇ[0m .\sources\tests.move:5:23
  [0m[36mΓöé[0m
[0m[36m5[0m [0m[36mΓöé[0m     use sui::object::{[0m[33mSelf[0m, ID};
  [0m[36mΓöé[0m                       [0m[33m^^^^[0m [0m[33mUnnecessary alias 'object' for module 'sui::object'. This alias is provided by 
default[0m
  [0m[36mΓöé[0m
  [0m[36m=[0m This warning can be suppressed with '#[allow(duplicate_alias)]' applied to the 'module' or module member ('const', 'fun', or 'struct')

[0m[1m[38;5;11mwarning[W02021][0m[1m: duplicate alias[0m
  [0m[36mΓöîΓöÇ[0m .\sources\tests.move:5:29
  [0m[36mΓöé[0m
[0m[36m5[0m [0m[36mΓöé[0m     use sui::object::{Self, [0m[33mID[0m};
  [0m[36mΓöé[0m                             [0m[33m^^[0m [0m[33mUnnecessary alias 'ID' for module member 'sui::object::ID'. This alias is provided 
by default[0m
  [0m[36mΓöé[0m
  [0m[36m=[0m This warning can be suppressed with '#[allow(duplicate_alias)]' applied to the 'module' or module member ('const', 'fun', or 'struct')

[0m[1m[38;5;11mwarning[W09001][0m[1m: unused alias[0m
  [0m[36mΓöîΓöÇ[0m .\sources\tests.move:5:29
  [0m[36mΓöé[0m
[0m[36m5[0m [0m[36mΓöé[0m     use sui::object::{Self, [0m[33mID[0m};
  [0m[36mΓöé[0m                             [0m[33m^^[0m [0m[33mUnused 'use' of alias 'ID'. Consider removing it[0m
  [0m[36mΓöé[0m
  [0m[36m=[0m This warning can be suppressed with '#[allow(unused_use)]' applied to the 'module' or module member ('const', 'fun', or 'struct')

[0m[1m[38;5;11mwarning[W02021][0m[1m: duplicate alias[0m
  [0m[36mΓöîΓöÇ[0m .\sources\tests.move:6:14
  [0m[36mΓöé[0m
[0m[36m6[0m [0m[36mΓöé[0m     use sui::[0m[33mtx_context[0m;
  [0m[36mΓöé[0m              [0m[33m^^^^^^^^^^[0m [0m[33mUnnecessary alias 'tx_context' for module 'sui::tx_context'. This alias is provided by 
default[0m
  [0m[36mΓöé[0m
  [0m[36m=[0m This warning can be suppressed with '#[allow(duplicate_alias)]' applied to the 'module' or module member ('const', 'fun', or 'struct')

[0m[1m[38;5;11mwarning[W02021][0m[1m: duplicate alias[0m
  [0m[36mΓöîΓöÇ[0m .\sources\tests.move:7:23
  [0m[36mΓöé[0m
[0m[36m7[0m [0m[36mΓöé[0m     use std::option::{[0m[33mSelf[0m, Option};
  [0m[36mΓöé[0m                       [0m[33m^^^^[0m [0m[33mUnnecessary alias 'option' for module 'std::option'. This alias is provided by 
default[0m
  [0m[36mΓöé[0m
  [0m[36m=[0m This warning can be suppressed with '#[allow(duplicate_alias)]' applied to the 'module' or module member ('const', 'fun', or 'struct')

[0m[1m[38;5;11mwarning[W02021][0m[1m: duplicate alias[0m
  [0m[36mΓöîΓöÇ[0m .\sources\tests.move:7:29
  [0m[36mΓöé[0m
[0m[36m7[0m [0m[36mΓöé[0m     use std::option::{Self, [0m[33mOption[0m};
  [0m[36mΓöé[0m                             [0m[33m^^^^^^[0m [0m[33mUnnecessary alias 'Option' for module member 'std::option::Option'. This alias 
is provided by default[0m
  [0m[36mΓöé[0m
  [0m[36m=[0m This warning can be suppressed with '#[allow(duplicate_alias)]' applied to the 'module' or module member ('const', 'fun', or 'struct')

[0m[1m[38;5;11mwarning[W09001][0m[1m: unused alias[0m
  [0m[36mΓöîΓöÇ[0m .\sources\tests.move:7:29
  [0m[36mΓöé[0m
[0m[36m7[0m [0m[36mΓöé[0m     use std::option::{Self, [0m[33mOption[0m};
  [0m[36mΓöé[0m                             [0m[33m^^^^^^[0m [0m[33mUnused 'use' of alias 'Option'. Consider removing it[0m
  [0m[36mΓöé[0m
  [0m[36m=[0m This warning can be suppressed with '#[allow(unused_use)]' applied to the 'module' or module member ('const', 'fun', or 'struct')

[0m[1m[38;5;11mwarning[W02021][0m[1m: duplicate alias[0m
  [0m[36mΓöîΓöÇ[0m .\sources\tests.move:8:14
  [0m[36mΓöé[0m
[0m[36m8[0m [0m[36mΓöé[0m     use std::[0m[33mvector[0m;
  [0m[36mΓöé[0m              [0m[33m^^^^^^[0m [0m[33mUnnecessary alias 'vector' for module 'std::vector'. This alias is provided by default[0m
  [0m[36mΓöé[0m
  [0m[36m=[0m This warning can be suppressed with '#[allow(duplicate_alias)]' applied to the 'module' or module member ('const', 'fun', or 'struct')

[0m[1m[38;5;9merror[E03009][0m[1m: unbound variable[0m
   [0m[36mΓöîΓöÇ[0m .\sources\tests.move:18:84
   [0m[36mΓöé[0m
[0m[36m18[0m [0m[36mΓöé[0m         let scenario = test_scenario::begin(tx_context::sender(test_scenario::ctx(&[0m[31mscenario[0m)));
   [0m[36mΓöé[0m                                                                                    [0m[31m^^^^^^^^[0m [0m[31mUnbound variable 
'scenario'[0m

[0m[1m[38;5;9merror[E03009][0m[1m: unbound variable[0m
   [0m[36mΓöîΓöÇ[0m .\sources\tests.move:48:84
   [0m[36mΓöé[0m
[0m[36m48[0m [0m[36mΓöé[0m         let scenario = test_scenario::begin(tx_context::sender(test_scenario::ctx(&[0m[31mscenario[0m)));
   [0m[36mΓöé[0m                                                                                    [0m[31m^^^^^^^^[0m [0m[31mUnbound variable 
'scenario'[0m

[0m[1m[38;5;9merror[E04001][0m[1m: restricted visibility[0m
   [0m[36mΓöîΓöÇ[0m .\sources\tests.move:60:49
   [0m[36mΓöé[0m
[0m[36m60[0m [0m[36mΓöé[0m         let identity_id = object::uid_to_inner(&[0m[31midentity_obj.id[0m);
   [0m[36mΓöé[0m                                                 [0m[31m^^^^^^^^^^^^^^^[0m [0m[31mInvalid access of field 'id' on the struct 
'minime::identity::IdentityObject'. The field 'id' can only be accessed within the module 'minime::identity' since it defines 'IdentityObject'[0m

[0m[1m[38;5;9merror[E03005][0m[1m: unbound unscoped name[0m
   [0m[36mΓöîΓöÇ[0m .\sources\tests.move:62:22
   [0m[36mΓöé[0m
[0m[36m62[0m [0m[36mΓöé[0m         let scopes = [0m[31mvector[0m![b"read", b"write"];
   [0m[36mΓöé[0m                      [0m[31m^^^^^^[0m [0m[31mUnbound function 'vector' in current scope[0m

[0m[1m[38;5;9merror[E01002][0m[1m: unexpected token[0m
   [0m[36mΓöîΓöÇ[0m .\sources\tests.move:62:29
   [0m[36mΓöé[0m
[0m[36m62[0m [0m[36mΓöé[0m         let scopes = vector![0m[31m[[0mb"read", b"write"];
   [0m[36mΓöé[0m                             [0m[31m^[0m
   [0m[36mΓöé[0m                             [0m[31mΓöé[0m
   [0m[36mΓöé[0m                             [0m[31mUnexpected '['[0m
   [0m[36mΓöé[0m                             [0m[36mExpected '('[0m

[0m[1m[38;5;9merror[E03009][0m[1m: unbound variable[0m
   [0m[36mΓöîΓöÇ[0m .\sources\tests.move:88:84
   [0m[36mΓöé[0m
[0m[36m88[0m [0m[36mΓöé[0m         let scenario = test_scenario::begin(tx_context::sender(test_scenario::ctx(&[0m[31mscenario[0m)));
   [0m[36mΓöé[0m                                                                                    [0m[31m^^^^^^^^[0m [0m[31mUnbound variable 
'scenario'[0m

[0m[1m[38;5;9merror[E04001][0m[1m: restricted visibility[0m
    [0m[36mΓöîΓöÇ[0m .\sources\tests.move:100:49
    [0m[36mΓöé[0m
[0m[36m100[0m [0m[36mΓöé[0m         let identity_id = object::uid_to_inner(&[0m[31midentity_obj.id[0m);
    [0m[36mΓöé[0m                                                 [0m[31m^^^^^^^^^^^^^^^[0m [0m[31mInvalid access of field 'id' on the struct 
'minime::identity::IdentityObject'. The field 'id' can only be accessed within the module 'minime::identity' since it defines 'IdentityObject'[0m

[0m[1m[38;5;9merror[E03005][0m[1m: unbound unscoped name[0m
    [0m[36mΓöîΓöÇ[0m .\sources\tests.move:103:28
    [0m[36mΓöé[0m
[0m[36m103[0m [0m[36mΓöé[0m         let content_hash = [0m[31mvector[0m![1; 32];
    [0m[36mΓöé[0m                            [0m[31m^^^^^^[0m [0m[31mUnbound function 'vector' in current scope[0m

[0m[1m[38;5;9merror[E01002][0m[1m: unexpected token[0m
    [0m[36mΓöîΓöÇ[0m .\sources\tests.move:103:35
    [0m[36mΓöé[0m
[0m[36m103[0m [0m[36mΓöé[0m         let content_hash = vector![0m[31m[[0m1; 32];
    [0m[36mΓöé[0m                                   [0m[31m^[0m
    [0m[36mΓöé[0m                                   [0m[31mΓöé[0m
    [0m[36mΓöé[0m                                   [0m[31mUnexpected '['[0m
    [0m[36mΓöé[0m                                   [0m[36mExpected '('[0m

[0m[1m[38;5;9merror[E01002][0m[1m: unexpected token[0m
    [0m[36mΓöîΓöÇ[0m .\sources\tests.move:103:37
    [0m[36mΓöé[0m
[0m[36m103[0m [0m[36mΓöé[0m         let content_hash = vector![1[0m[31m;[0m 32];
    [0m[36mΓöé[0m                                   [0m[36m-[0m [0m[31m^[0m [0m[31mExpected ']'[0m
    [0m[36mΓöé[0m                                   [0m[36mΓöé[0m  
    [0m[36mΓöé[0m                                   [0m[36mTo match this '['[0m

[0m[1m[38;5;9merror[E01002][0m[1m: unexpected token[0m
    [0m[36mΓöîΓöÇ[0m .\sources\tests.move:103:41
    [0m[36mΓöé[0m
[0m[36m103[0m [0m[36mΓöé[0m         let content_hash = vector![1; 32[0m[31m][0m;
    [0m[36mΓöé[0m                                         [0m[31m^[0m
    [0m[36mΓöé[0m                                         [0m[31mΓöé[0m
    [0m[36mΓöé[0m                                         [0m[31mUnexpected ']'[0m
    [0m[36mΓöé[0m                                         [0m[36mExpected ';'[0m

[0m[1m[38;5;9merror[E03005][0m[1m: unbound unscoped name[0m
    [0m[36mΓöîΓöÇ[0m .\sources\tests.move:104:20
    [0m[36mΓöé[0m
[0m[36m104[0m [0m[36mΓöé[0m         let tags = [0m[31mvector[0m![b"important", b"work"];
    [0m[36mΓöé[0m                    [0m[31m^^^^^^[0m [0m[31mUnbound function 'vector' in current scope[0m

[0m[1m[38;5;9merror[E01002][0m[1m: unexpected token[0m
    [0m[36mΓöîΓöÇ[0m .\sources\tests.move:104:27
    [0m[36mΓöé[0m
[0m[36m104[0m [0m[36mΓöé[0m         let tags = vector![0m[31m[[0mb"important", b"work"];
    [0m[36mΓöé[0m                           [0m[31m^[0m
    [0m[36mΓöé[0m                           [0m[31mΓöé[0m
    [0m[36mΓöé[0m                           [0m[31mUnexpected '['[0m
    [0m[36mΓöé[0m                           [0m[36mExpected '('[0m

[0m[1m[38;5;9merror[E03009][0m[1m: unbound variable[0m
    [0m[36mΓöîΓöÇ[0m .\sources\tests.move:131:84
    [0m[36mΓöé[0m
[0m[36m131[0m [0m[36mΓöé[0m         let scenario = test_scenario::begin(tx_context::sender(test_scenario::ctx(&[0m[31mscenario[0m)));
    [0m[36mΓöé[0m                                                                                    [0m[31m^^^^^^^^[0m [0m[31mUnbound variable 
'scenario'[0m

[0m[1m[38;5;9merror[E04001][0m[1m: restricted visibility[0m
    [0m[36mΓöîΓöÇ[0m .\sources\tests.move:143:49
    [0m[36mΓöé[0m
[0m[36m143[0m [0m[36mΓöé[0m         let identity_id = object::uid_to_inner(&[0m[31midentity_obj.id[0m);
    [0m[36mΓöé[0m                                                 [0m[31m^^^^^^^^^^^^^^^[0m [0m[31mInvalid access of field 'id' on the struct 
'minime::identity::IdentityObject'. The field 'id' can only be accessed within the module 'minime::identity' since it defines 'IdentityObject'[0m

[0m[1m[38;5;9merror[E04016][0m[1m: too few arguments[0m
    [0m[36mΓöîΓöÇ[0m .\sources\tests.move:145:30
    [0m[36mΓöé[0m    
[0m[36m145[0m [0m[36mΓöé[0m             let mut memory_obj = [0m[31mmemory::create_memory([0m
    [0m[36mΓöé[0m 
[0m[31mΓò¡[0m[0m[31mΓöÇΓöÇ[0m[0m[31mΓöÇΓöÇΓöÇΓöÇΓöÇΓöÇΓöÇΓöÇΓöÇΓöÇΓöÇΓöÇΓöÇΓöÇΓöÇΓöÇΓöÇΓöÇΓöÇΓöÇΓöÇΓöÇΓöÇΓöÇΓöÇΓöÇΓöÇΓöÇΓöÇΓöÇ^[0m
    [0m[36mΓöé[0m [0m[31mΓöé[0m [0m[36mΓò¡[0m[0m[36mΓöÇΓöÇΓöÇΓöÇΓöÇΓöÇΓöÇΓöÇΓöÇΓöÇΓöÇΓöÇΓöÇΓöÇΓöÇΓöÇΓöÇΓöÇΓöÇΓöÇΓöÇΓöÇΓöÇΓöÇΓöÇΓöÇΓöÇΓöÇΓöÇΓöÇΓöÇΓ
öÇΓöÇΓöÇΓöÇΓöÇΓöÇΓöÇΓöÇΓöÇΓöÇΓöÇΓöÇΓöÇΓöÇΓöÇΓöÇΓöÇΓöÇΓöÇΓöÇ'[0m
[0m[36m146[0m [0m[36mΓöé[0m [0m[31mΓöé[0m [0m[36mΓöé[0m [0m[31m            identity_id,[0m
[0m[36m147[0m [0m[36mΓöé[0m [0m[31mΓöé[0m [0m[36mΓöé[0m [0m[31m            1,[0m
[0m[36m148[0m [0m[36mΓöé[0m [0m[31mΓöé[0m [0m[36mΓöé[0m [0m[31m            b"Note",[0m
[0m[36m149[0m [0m[36mΓöé[0m [0m[31mΓöé[0m [0m[36mΓöé[0m [0m[31m            b"blob_id",[0m
[0m[36m150[0m [0m[36mΓöé[0m [0m[31mΓöé[0m [0m[36mΓöé[0m [0m[31m            vector![1[0m; 32],
    [0m[36mΓöé[0m [0m[31mΓò░[0m[0m[31mΓöÇ[0m[0m[36mΓöé[0m[0m[31mΓöÇΓöÇΓöÇΓöÇΓöÇΓöÇΓöÇΓöÇΓöÇΓöÇΓöÇΓöÇΓöÇΓöÇΓöÇΓöÇΓöÇΓöÇΓöÇΓöÇΓöÇ^ Invalid call 
of 'minime::memory::create_memory'. The call expected 10 argument(s) but got 5[0m
    [0m[36mΓöé[0m   [0m[36mΓò░[0m[0m[36mΓöÇΓöÇΓöÇΓöÇΓöÇΓöÇΓöÇΓöÇΓöÇΓöÇΓöÇΓöÇΓöÇΓöÇΓöÇΓöÇΓöÇΓöÇΓöÇΓöÇΓöÇ' Found 5 argument(s) here[0m
    [0m[36mΓöé[0m    
    [0m[36mΓöîΓöÇ[0m .\sources\memory.move:56:16
    [0m[36mΓöé[0m
[0m[36m 56[0m [0m[36mΓöé[0m     public fun create_memory(
    [0m[36mΓöé[0m                [0m[36m-------------[0m [0m[36mExpected 10 argument(s)[0m

[0m[1m[38;5;9merror[E03005][0m[1m: unbound unscoped name[0m
    [0m[36mΓöîΓöÇ[0m .\sources\tests.move:150:13
    [0m[36mΓöé[0m
[0m[36m150[0m [0m[36mΓöé[0m             [0m[31mvector[0m![1; 32],
    [0m[36mΓöé[0m             [0m[31m^^^^^^[0m [0m[31mUnbound function 'vector' in current scope[0m

[0m[1m[38;5;9merror[E01002][0m[1m: unexpected token[0m
    [0m[36mΓöîΓöÇ[0m .\sources\tests.move:150:20
    [0m[36mΓöé[0m
[0m[36m150[0m [0m[36mΓöé[0m             vector![0m[31m[[0m1; 32],
    [0m[36mΓöé[0m                    [0m[31m^[0m
    [0m[36mΓöé[0m                    [0m[31mΓöé[0m
    [0m[36mΓöé[0m                    [0m[31mUnexpected '['[0m
    [0m[36mΓöé[0m                    [0m[36mExpected '('[0m

[0m[1m[38;5;9merror[E01002][0m[1m: unexpected token[0m
    [0m[36mΓöîΓöÇ[0m .\sources\tests.move:150:22
    [0m[36mΓöé[0m
[0m[36m150[0m [0m[36mΓöé[0m             vector![1[0m[31m;[0m 32],
    [0m[36mΓöé[0m                    [0m[36m-[0m [0m[31m^[0m [0m[31mExpected ']'[0m
    [0m[36mΓöé[0m                    [0m[36mΓöé[0m  
    [0m[36mΓöé[0m                    [0m[36mTo match this '['[0m

[0m[1m[38;5;9merror[E01002][0m[1m: unexpected token[0m
    [0m[36mΓöîΓöÇ[0m .\sources\tests.move:150:26
    [0m[36mΓöé[0m
[0m[36m150[0m [0m[36mΓöé[0m             vector![1; 32[0m[31m][0m,
    [0m[36mΓöé[0m                          [0m[31m^[0m
    [0m[36mΓöé[0m                          [0m[31mΓöé[0m
    [0m[36mΓöé[0m                          [0m[31mUnexpected ']'[0m
    [0m[36mΓöé[0m                          [0m[36mExpected ';'[0m

[0m[1m[38;5;9merror[E03005][0m[1m: unbound unscoped name[0m
    [0m[36mΓöîΓöÇ[0m .\sources\tests.move:159:30
    [0m[36mΓöé[0m
[0m[36m159[0m [0m[36mΓöé[0m         let ai_suggestions = [0m[31mvector[0m![b"create_task", b"schedule_meeting"];
    [0m[36mΓöé[0m                              [0m[31m^^^^^^[0m [0m[31mUnbound function 'vector' in current scope[0m

[0m[1m[38;5;9merror[E01002][0m[1m: unexpected token[0m
    [0m[36mΓöîΓöÇ[0m .\sources\tests.move:159:37
    [0m[36mΓöé[0m
[0m[36m159[0m [0m[36mΓöé[0m         let ai_suggestions = vector![0m[31m[[0mb"create_task", b"schedule_meeting"];
    [0m[36mΓöé[0m                                     [0m[31m^[0m
    [0m[36mΓöé[0m                                     [0m[31mΓöé[0m
    [0m[36mΓöé[0m                                     [0m[31mUnexpected '['[0m
    [0m[36mΓöé[0m                                     [0m[36mExpected '('[0m

[0m[1m[38;5;9merror[E03009][0m[1m: unbound variable[0m
    [0m[36mΓöîΓöÇ[0m .\sources\tests.move:178:84
    [0m[36mΓöé[0m
[0m[36m178[0m [0m[36mΓöé[0m         let scenario = test_scenario::begin(tx_context::sender(test_scenario::ctx(&[0m[31mscenario[0m)));
    [0m[36mΓöé[0m                                                                                    [0m[31m^^^^^^^^[0m [0m[31mUnbound variable 
'scenario'[0m

[0m[1m[38;5;9merror[E04001][0m[1m: restricted visibility[0m
    [0m[36mΓöîΓöÇ[0m .\sources\tests.move:190:49
    [0m[36mΓöé[0m
[0m[36m190[0m [0m[36mΓöé[0m         let identity_id = object::uid_to_inner(&[0m[31midentity_obj.id[0m);
    [0m[36mΓöé[0m                                                 [0m[31m^^^^^^^^^^^^^^^[0m [0m[31mInvalid access of field 'id' on the struct 
'minime::identity::IdentityObject'. The field 'id' can only be accessed within the module 'minime::identity' since it defines 'IdentityObject'[0m

[0m[1m[38;5;9merror[E03009][0m[1m: unbound variable[0m
    [0m[36mΓöîΓöÇ[0m .\sources\tests.move:217:84
    [0m[36mΓöé[0m
[0m[36m217[0m [0m[36mΓöé[0m         let scenario = test_scenario::begin(tx_context::sender(test_scenario::ctx(&[0m[31mscenario[0m)));
    [0m[36mΓöé[0m                                                                                    [0m[31m^^^^^^^^[0m [0m[31mUnbound variable 
'scenario'[0m

[0m[1m[38;5;9merror[E04001][0m[1m: restricted visibility[0m
    [0m[36mΓöîΓöÇ[0m .\sources\tests.move:229:49
    [0m[36mΓöé[0m
[0m[36m229[0m [0m[36mΓöé[0m         let identity_id = object::uid_to_inner(&[0m[31midentity_obj.id[0m);
    [0m[36mΓöé[0m                                                 [0m[31m^^^^^^^^^^^^^^^[0m [0m[31mInvalid access of field 'id' on the struct 
'minime::identity::IdentityObject'. The field 'id' can only be accessed within the module 'minime::identity' since it defines 'IdentityObject'[0m

[0m[1m[38;5;9merror[E03009][0m[1m: unbound variable[0m
    [0m[36mΓöîΓöÇ[0m .\sources\tests.move:258:84
    [0m[36mΓöé[0m
[0m[36m258[0m [0m[36mΓöé[0m         let scenario = test_scenario::begin(tx_context::sender(test_scenario::ctx(&[0m[31mscenario[0m)));
    [0m[36mΓöé[0m                                                                                    [0m[31m^^^^^^^^[0m [0m[31mUnbound variable 
'scenario'[0m

[0m[1m[38;5;9merror[E04001][0m[1m: restricted visibility[0m
    [0m[36mΓöîΓöÇ[0m .\sources\tests.move:271:49
    [0m[36mΓöé[0m
[0m[36m271[0m [0m[36mΓöé[0m         let identity_id = object::uid_to_inner(&[0m[31midentity_obj.id[0m);
    [0m[36mΓöé[0m                                                 [0m[31m^^^^^^^^^^^^^^^[0m [0m[31mInvalid access of field 'id' on the struct 
'minime::identity::IdentityObject'. The field 'id' can only be accessed within the module 'minime::identity' since it defines 'IdentityObject'[0m

[0m[1m[38;5;9merror[E04016][0m[1m: too few arguments[0m
    [0m[36mΓöîΓöÇ[0m .\sources\tests.move:275:26
    [0m[36mΓöé[0m    
[0m[36m275[0m [0m[36mΓöé[0m             let memory_obj = [0m[31mmemory::create_memory([0m
    [0m[36mΓöé[0m [0m[31mΓò¡[0m[0m[31mΓöÇΓöÇ[0m[0m[31mΓöÇΓöÇΓöÇΓöÇΓöÇΓöÇΓöÇΓöÇΓöÇΓöÇΓöÇΓöÇΓöÇΓöÇΓöÇΓöÇΓöÇΓöÇΓöÇΓöÇΓöÇΓöÇΓöÇΓöÇΓöÇΓöÇ^[0m
    [0m[36mΓöé[0m [0m[31mΓöé[0m [0m[36mΓò¡[0m[0m[36mΓöÇΓöÇΓöÇΓöÇΓöÇΓöÇΓöÇΓöÇΓöÇΓöÇΓöÇΓöÇΓöÇΓöÇΓöÇΓöÇΓöÇΓöÇΓöÇΓöÇΓöÇΓöÇΓöÇΓöÇΓöÇΓöÇΓöÇΓöÇΓöÇΓöÇΓöÇΓ
öÇΓöÇΓöÇΓöÇΓöÇΓöÇΓöÇΓöÇΓöÇΓöÇΓöÇΓöÇΓöÇΓöÇΓöÇΓöÇ'[0m
[0m[36m276[0m [0m[36mΓöé[0m [0m[31mΓöé[0m [0m[36mΓöé[0m [0m[31m            identity_id,[0m
[0m[36m277[0m [0m[36mΓöé[0m [0m[31mΓöé[0m [0m[36mΓöé[0m [0m[31m            1,[0m
[0m[36m278[0m [0m[36mΓöé[0m [0m[31mΓöé[0m [0m[36mΓöé[0m [0m[31m            b"Note",[0m
[0m[36m279[0m [0m[36mΓöé[0m [0m[31mΓöé[0m [0m[36mΓöé[0m [0m[31m            b"blob_id",[0m
[0m[36m280[0m [0m[36mΓöé[0m [0m[31mΓöé[0m [0m[36mΓöé[0m [0m[31m            vector![1[0m; 32],
    [0m[36mΓöé[0m [0m[31mΓò░[0m[0m[31mΓöÇ[0m[0m[36mΓöé[0m[0m[31mΓöÇΓöÇΓöÇΓöÇΓöÇΓöÇΓöÇΓöÇΓöÇΓöÇΓöÇΓöÇΓöÇΓöÇΓöÇΓöÇΓöÇΓöÇΓöÇΓöÇΓöÇ^ Invalid call 
of 'minime::memory::create_memory'. The call expected 10 argument(s) but got 5[0m
    [0m[36mΓöé[0m   [0m[36mΓò░[0m[0m[36mΓöÇΓöÇΓöÇΓöÇΓöÇΓöÇΓöÇΓöÇΓöÇΓöÇΓöÇΓöÇΓöÇΓöÇΓöÇΓöÇΓöÇΓöÇΓöÇΓöÇΓöÇ' Found 5 argument(s) here[0m
    [0m[36mΓöé[0m    
    [0m[36mΓöîΓöÇ[0m .\sources\memory.move:56:16
    [0m[36mΓöé[0m
[0m[36m 56[0m [0m[36mΓöé[0m     public fun create_memory(
    [0m[36mΓöé[0m                [0m[36m-------------[0m [0m[36mExpected 10 argument(s)[0m

[0m[1m[38;5;9merror[E03005][0m[1m: unbound unscoped name[0m
    [0m[36mΓöîΓöÇ[0m .\sources\tests.move:280:13
    [0m[36mΓöé[0m
[0m[36m280[0m [0m[36mΓöé[0m             [0m[31mvector[0m![1; 32],
    [0m[36mΓöé[0m             [0m[31m^^^^^^[0m [0m[31mUnbound function 'vector' in current scope[0m

[0m[1m[38;5;9merror[E01002][0m[1m: unexpected token[0m
    [0m[36mΓöîΓöÇ[0m .\sources\tests.move:280:20
    [0m[36mΓöé[0m
[0m[36m280[0m [0m[36mΓöé[0m             vector![0m[31m[[0m1; 32],
    [0m[36mΓöé[0m                    [0m[31m^[0m
    [0m[36mΓöé[0m                    [0m[31mΓöé[0m
    [0m[36mΓöé[0m                    [0m[31mUnexpected '['[0m
    [0m[36mΓöé[0m                    [0m[36mExpected '('[0m

[0m[1m[38;5;9merror[E01002][0m[1m: unexpected token[0m
    [0m[36mΓöîΓöÇ[0m .\sources\tests.move:280:22
    [0m[36mΓöé[0m
[0m[36m280[0m [0m[36mΓöé[0m             vector![1[0m[31m;[0m 32],
    [0m[36mΓöé[0m                    [0m[36m-[0m [0m[31m^[0m [0m[31mExpected ']'[0m
    [0m[36mΓöé[0m                    [0m[36mΓöé[0m  
    [0m[36mΓöé[0m                    [0m[36mTo match this '['[0m

[0m[1m[38;5;9merror[E01002][0m[1m: unexpected token[0m
    [0m[36mΓöîΓöÇ[0m .\sources\tests.move:280:26
    [0m[36mΓöé[0m
[0m[36m280[0m [0m[36mΓöé[0m             vector![1; 32[0m[31m][0m,
    [0m[36mΓöé[0m                          [0m[31m^[0m
    [0m[36mΓöé[0m                          [0m[31mΓöé[0m
    [0m[36mΓöé[0m                          [0m[31mUnexpected ']'[0m
    [0m[36mΓöé[0m                          [0m[36mExpected ';'[0m

[0m[1m[38;5;9merror[E04001][0m[1m: restricted visibility[0m
    [0m[36mΓöîΓöÇ[0m .\sources\tests.move:287:47
    [0m[36mΓöé[0m
[0m[36m287[0m [0m[36mΓöé[0m         let memory_id = object::uid_to_inner(&[0m[31mmemory_obj.id[0m);
    [0m[36mΓöé[0m                                               [0m[31m^^^^^^^^^^^^^[0m [0m[31mInvalid access of field 'id' on the struct 
'minime::memory::MemoryObject'. The field 'id' can only be accessed within the module 'minime::memory' since it defines 'MemoryObject'[0m

[0m[1m[38;5;9merror[E03009][0m[1m: unbound variable[0m
    [0m[36mΓöîΓöÇ[0m .\sources\tests.move:299:84
    [0m[36mΓöé[0m
[0m[36m299[0m [0m[36mΓöé[0m         let scenario = test_scenario::begin(tx_context::sender(test_scenario::ctx(&[0m[31mscenario[0m)));
    [0m[36mΓöé[0m                                                                                    [0m[31m^^^^^^^^[0m [0m[31mUnbound variable 
'scenario'[0m

[0m[1m[38;5;11mwarning[W02021][0m[1m: duplicate alias[0m
  [0m[36mΓöîΓöÇ[0m .\sources\memory.move:2:23
  [0m[36mΓöé[0m
[0m[36m2[0m [0m[36mΓöé[0m     use sui::object::{[0m[33mSelf[0m, UID, ID};
  [0m[36mΓöé[0m                       [0m[33m^^^^[0m [0m[33mUnnecessary alias 'object' for module 'sui::object'. This alias is provided by 
default[0m
  [0m[36mΓöé[0m
  [0m[36m=[0m This warning can be suppressed with '#[allow(duplicate_alias)]' applied to the 'module' or module member ('const', 'fun', or 'struct')

[0m[1m[38;5;11mwarning[W02021][0m[1m: duplicate alias[0m
  [0m[36mΓöîΓöÇ[0m .\sources\memory.move:2:29
  [0m[36mΓöé[0m
[0m[36m2[0m [0m[36mΓöé[0m     use sui::object::{Self, [0m[33mUID[0m, ID};
  [0m[36mΓöé[0m                             [0m[33m^^^[0m [0m[33mUnnecessary alias 'UID' for module member 'sui::object::UID'. This alias is 
provided by default[0m
  [0m[36mΓöé[0m
  [0m[36m=[0m This warning can be suppressed with '#[allow(duplicate_alias)]' applied to the 'module' or module member ('const', 'fun', or 'struct')

[0m[1m[38;5;11mwarning[W02021][0m[1m: duplicate alias[0m
  [0m[36mΓöîΓöÇ[0m .\sources\memory.move:2:34
  [0m[36mΓöé[0m
[0m[36m2[0m [0m[36mΓöé[0m     use sui::object::{Self, UID, [0m[33mID[0m};
  [0m[36mΓöé[0m                                  [0m[33m^^[0m [0m[33mUnnecessary alias 'ID' for module member 'sui::object::ID'. This alias is 
provided by default[0m
  [0m[36mΓöé[0m
  [0m[36m=[0m This warning can be suppressed with '#[allow(duplicate_alias)]' applied to the 'module' or module member ('const', 'fun', or 'struct')

[0m[1m[38;5;11mwarning[W02021][0m[1m: duplicate alias[0m
  [0m[36mΓöîΓöÇ[0m .\sources\memory.move:3:27
  [0m[36mΓöé[0m
[0m[36m3[0m [0m[36mΓöé[0m     use sui::tx_context::{[0m[33mSelf[0m, TxContext};
  [0m[36mΓöé[0m                           [0m[33m^^^^[0m [0m[33mUnnecessary alias 'tx_context' for module 'sui::tx_context'. This alias is provided 
by default[0m
  [0m[36mΓöé[0m
  [0m[36m=[0m This warning can be suppressed with '#[allow(duplicate_alias)]' applied to the 'module' or module member ('const', 'fun', or 'struct')

[0m[1m[38;5;11mwarning[W02021][0m[1m: duplicate alias[0m
  [0m[36mΓöîΓöÇ[0m .\sources\memory.move:3:33
  [0m[36mΓöé[0m
[0m[36m3[0m [0m[36mΓöé[0m     use sui::tx_context::{Self, [0m[33mTxContext[0m};
  [0m[36mΓöé[0m                                 [0m[33m^^^^^^^^^[0m [0m[33mUnnecessary alias 'TxContext' for module member 
'sui::tx_context::TxContext'. This alias is provided by default[0m
  [0m[36mΓöé[0m
  [0m[36m=[0m This warning can be suppressed with '#[allow(duplicate_alias)]' applied to the 'module' or module member ('const', 'fun', or 'struct')

[0m[1m[38;5;11mwarning[W02021][0m[1m: duplicate alias[0m
  [0m[36mΓöîΓöÇ[0m .\sources\memory.move:6:23
  [0m[36mΓöé[0m
[0m[36m6[0m [0m[36mΓöé[0m     use std::option::{[0m[33mSelf[0m, Option};
  [0m[36mΓöé[0m                       [0m[33m^^^^[0m [0m[33mUnnecessary alias 'option' for module 'std::option'. This alias is provided by 
default[0m
  [0m[36mΓöé[0m
  [0m[36m=[0m This warning can be suppressed with '#[allow(duplicate_alias)]' applied to the 'module' or module member ('const', 'fun', or 'struct')

[0m[1m[38;5;11mwarning[W02021][0m[1m: duplicate alias[0m
  [0m[36mΓöîΓöÇ[0m .\sources\memory.move:6:29
  [0m[36mΓöé[0m
[0m[36m6[0m [0m[36mΓöé[0m     use std::option::{Self, [0m[33mOption[0m};
  [0m[36mΓöé[0m                             [0m[33m^^^^^^[0m [0m[33mUnnecessary alias 'Option' for module member 'std::option::Option'. This alias 
is provided by default[0m
  [0m[36mΓöé[0m
  [0m[36m=[0m This warning can be suppressed with '#[allow(duplicate_alias)]' applied to the 'module' or module member ('const', 'fun', or 'struct')

[0m[1m[38;5;11mwarning[W09011][0m[1m: unused constant[0m
  [0m[36mΓöîΓöÇ[0m .\sources\memory.move:8:11
  [0m[36mΓöé[0m
[0m[36m8[0m [0m[36mΓöé[0m     const [0m[33mTYPE_TEXT[0m: u8 = 1;
  [0m[36mΓöé[0m           [0m[33m^^^^^^^^^[0m [0m[33mThe constant 'TYPE_TEXT' is never used. Consider removing it.[0m
  [0m[36mΓöé[0m
  [0m[36m=[0m This warning can be suppressed with '#[allow(unused_const)]' applied to the 'module' or module member ('const', 'fun', or 'struct')

[0m[1m[38;5;11mwarning[W09011][0m[1m: unused constant[0m
  [0m[36mΓöîΓöÇ[0m .\sources\memory.move:9:11
  [0m[36mΓöé[0m
[0m[36m9[0m [0m[36mΓöé[0m     const [0m[33mTYPE_VOICE[0m: u8 = 2;
  [0m[36mΓöé[0m           [0m[33m^^^^^^^^^^[0m [0m[33mThe constant 'TYPE_VOICE' is never used. Consider removing it.[0m
  [0m[36mΓöé[0m
  [0m[36m=[0m This warning can be suppressed with '#[allow(unused_const)]' applied to the 'module' or module member ('const', 'fun', or 'struct')

[0m[1m[38;5;11mwarning[W09011][0m[1m: unused constant[0m
   [0m[36mΓöîΓöÇ[0m .\sources\memory.move:10:11
   [0m[36mΓöé[0m
[0m[36m10[0m [0m[36mΓöé[0m     const [0m[33mTYPE_MIXED[0m: u8 = 3;
   [0m[36mΓöé[0m           [0m[33m^^^^^^^^^^[0m [0m[33mThe constant 'TYPE_MIXED' is never used. Consider removing it.[0m
   [0m[36mΓöé[0m
   [0m[36m=[0m This warning can be suppressed with '#[allow(unused_const)]' applied to the 'module' or module member ('const', 'fun', or 'struct')

[0m[1m[38;5;11mwarning[W09011][0m[1m: unused constant[0m
   [0m[36mΓöîΓöÇ[0m .\sources\memory.move:14:11
   [0m[36mΓöé[0m
[0m[36m14[0m [0m[36mΓöé[0m     const [0m[33mSTATUS_DELETED[0m: u8 = 3;
   [0m[36mΓöé[0m           [0m[33m^^^^^^^^^^^^^^[0m [0m[33mThe constant 'STATUS_DELETED' is never used. Consider removing it.[0m
   [0m[36mΓöé[0m
   [0m[36m=[0m This warning can be suppressed with '#[allow(unused_const)]' applied to the 'module' or module member ('const', 'fun', or 'struct')

[0m[1m[38;5;11mwarning[W02021][0m[1m: duplicate alias[0m
  [0m[36mΓöîΓöÇ[0m .\sources\permission.move:2:23
  [0m[36mΓöé[0m
[0m[36m2[0m [0m[36mΓöé[0m     use sui::object::{[0m[33mSelf[0m, UID, ID};
  [0m[36mΓöé[0m                       [0m[33m^^^^[0m [0m[33mUnnecessary alias 'object' for module 'sui::object'. This alias is provided by 
default[0m
  [0m[36mΓöé[0m
  [0m[36m=[0m This warning can be suppressed with '#[allow(duplicate_alias)]' applied to the 'module' or module member ('const', 'fun', or 'struct')

[0m[1m[38;5;11mwarning[W02021][0m[1m: duplicate alias[0m
  [0m[36mΓöîΓöÇ[0m .\sources\permission.move:2:29
  [0m[36mΓöé[0m
[0m[36m2[0m [0m[36mΓöé[0m     use sui::object::{Self, [0m[33mUID[0m, ID};
  [0m[36mΓöé[0m                             [0m[33m^^^[0m [0m[33mUnnecessary alias 'UID' for module member 'sui::object::UID'. This alias is 
provided by default[0m
  [0m[36mΓöé[0m
  [0m[36m=[0m This warning can be suppressed with '#[allow(duplicate_alias)]' applied to the 'module' or module member ('const', 'fun', or 'struct')

[0m[1m[38;5;11mwarning[W02021][0m[1m: duplicate alias[0m
  [0m[36mΓöîΓöÇ[0m .\sources\permission.move:2:34
  [0m[36mΓöé[0m
[0m[36m2[0m [0m[36mΓöé[0m     use sui::object::{Self, UID, [0m[33mID[0m};
  [0m[36mΓöé[0m                                  [0m[33m^^[0m [0m[33mUnnecessary alias 'ID' for module member 'sui::object::ID'. This alias is 
provided by default[0m
  [0m[36mΓöé[0m
  [0m[36m=[0m This warning can be suppressed with '#[allow(duplicate_alias)]' applied to the 'module' or module member ('const', 'fun', or 'struct')

[0m[1m[38;5;11mwarning[W02021][0m[1m: duplicate alias[0m
  [0m[36mΓöîΓöÇ[0m .\sources\permission.move:3:27
  [0m[36mΓöé[0m
[0m[36m3[0m [0m[36mΓöé[0m     use sui::tx_context::{[0m[33mSelf[0m, TxContext};
  [0m[36mΓöé[0m                           [0m[33m^^^^[0m [0m[33mUnnecessary alias 'tx_context' for module 'sui::tx_context'. This alias is provided 
by default[0m
  [0m[36mΓöé[0m
  [0m[36m=[0m This warning can be suppressed with '#[allow(duplicate_alias)]' applied to the 'module' or module member ('const', 'fun', or 'struct')

[0m[1m[38;5;11mwarning[W02021][0m[1m: duplicate alias[0m
  [0m[36mΓöîΓöÇ[0m .\sources\permission.move:3:33
  [0m[36mΓöé[0m
[0m[36m3[0m [0m[36mΓöé[0m     use sui::tx_context::{Self, [0m[33mTxContext[0m};
  [0m[36mΓöé[0m                                 [0m[33m^^^^^^^^^[0m [0m[33mUnnecessary alias 'TxContext' for module member 
'sui::tx_context::TxContext'. This alias is provided by default[0m
  [0m[36mΓöé[0m
  [0m[36m=[0m This warning can be suppressed with '#[allow(duplicate_alias)]' applied to the 'module' or module member ('const', 'fun', or 'struct')

[0m[1m[38;5;11mwarning[W09011][0m[1m: unused constant[0m
  [0m[36mΓöîΓöÇ[0m .\sources\permission.move:8:11
  [0m[36mΓöé[0m
[0m[36m8[0m [0m[36mΓöé[0m     const [0m[33mSCOPE_READ[0m: u8 = 1;
  [0m[36mΓöé[0m           [0m[33m^^^^^^^^^^[0m [0m[33mThe constant 'SCOPE_READ' is never used. Consider removing it.[0m
  [0m[36mΓöé[0m
  [0m[36m=[0m This warning can be suppressed with '#[allow(unused_const)]' applied to the 'module' or module member ('const', 'fun', or 'struct')

[0m[1m[38;5;11mwarning[W09011][0m[1m: unused constant[0m
  [0m[36mΓöîΓöÇ[0m .\sources\permission.move:9:11
  [0m[36mΓöé[0m
[0m[36m9[0m [0m[36mΓöé[0m     const [0m[33mSCOPE_WRITE[0m: u8 = 2;
  [0m[36mΓöé[0m           [0m[33m^^^^^^^^^^^[0m [0m[33mThe constant 'SCOPE_WRITE' is never used. Consider removing it.[0m
  [0m[36mΓöé[0m
  [0m[36m=[0m This warning can be suppressed with '#[allow(unused_const)]' applied to the 'module' or module member ('const', 'fun', or 'struct')

[0m[1m[38;5;11mwarning[W09011][0m[1m: unused constant[0m
   [0m[36mΓöîΓöÇ[0m .\sources\permission.move:10:11
   [0m[36mΓöé[0m
[0m[36m10[0m [0m[36mΓöé[0m     const [0m[33mSCOPE_DELETE[0m: u8 = 3;
   [0m[36mΓöé[0m           [0m[33m^^^^^^^^^^^^[0m [0m[33mThe constant 'SCOPE_DELETE' is never used. Consider removing it.[0m
   [0m[36mΓöé[0m
   [0m[36m=[0m This warning can be suppressed with '#[allow(unused_const)]' applied to the 'module' or module member ('const', 'fun', or 'struct')

[0m[1m[38;5;11mwarning[W09011][0m[1m: unused constant[0m
   [0m[36mΓöîΓöÇ[0m .\sources\permission.move:11:11
   [0m[36mΓöé[0m
[0m[36m11[0m [0m[36mΓöé[0m     const [0m[33mSCOPE_FULL[0m: u8 = 4;
   [0m[36mΓöé[0m           [0m[33m^^^^^^^^^^[0m [0m[33mThe constant 'SCOPE_FULL' is never used. Consider removing it.[0m
   [0m[36mΓöé[0m
   [0m[36m=[0m This warning can be suppressed with '#[allow(unused_const)]' applied to the 'module' or module member ('const', 'fun', or 'struct')

